3305
2680
6586
4647
5756
1343
5957
4928
8473
6535
4974
9049
9629
4853
5972
9734
2165
2463
1987
8900
7307
9622
4795
9266
301
3300
1205
271
1592
2172
1992
725
6064
8532
5219
2269
8273
5639
9814
5731
40
9324
2941
4190
154
4308
2595
6414
4831
3679
6438
51
3472
1526
1922
2387
2246
8966
9651
3028
1292
6678
481
6353
6435
2644
2255
760
964
5574
7201
8331
5018
4842
354
9873
4375
7999
3731
1693
7136
4827
2280
1036
7093
457
1478
6698
7683
338
1690
2075
6063
9277
1279
4037
3281
2683
5782
367

0
1
2
3
3309
2684
6590
4651
5760
1347
5961
4932
8477
6539
4978
9053
9633
4857
5976
9738
2169
2467
1991
8904
7311
9626
4799
9270
305
3304
1209
275
1596
2176
1996
729
6068
8536
5223
2273
8277
5643
9818
5735
44
9328
2945
4194
158
4312
2599
6418
4835
3683
6442
55
3476
1530
1926
2391
2250
8970
9655
3032
1296
6682
485
6357
6439
2648
2259
764
968
5578
7205
8335
5022
4846
358
9877
4379
8003
3735
1697
7140
4831
2284
1040
7097
461
1482
6702
7687
342
1694
2079
6067
9281
1283
4041
3285
2687
5786
371
